Test
Test
RExMcw==|True
RG9jdW1lbnRz|True
Rm9udHM=|True
SW1hZ2Vz|True
T2xkIFNvdXJjZQ==|True
U291bmRz|True
SW1hZ2VzXENvbW1vbg==|True
SW1hZ2VzXEVjbGlwc2U=|True
SW1hZ2VzXEluc3RhbGwgR2VuZXJhdG9y|True
SW1hZ2VzXExlYWZPUw==|True
SW1hZ2VzXE1pY3JvY2hhdA==|True
SW1hZ2VzXE1pY3Jvc2VydmVy|True
SW1hZ2VzXE1pY3JvdGV4dA==|True
SW1hZ2VzXE1pbmlJbnN0YWxsZXI=|True
U291bmRzXExlYWZPUw==|True
RGVmYXVsdC5tb3VzZQ==|False
RExMc1xGTkEuZGxs|False
RExMc1xIdG1sUmVuZGVyZXIuZGxs|False
RExMc1xIdG1sUmVuZGVyZXIuV2luRm9ybXMuZGxs|False
RExMc1xNb25vLk5hdC5kbGw=|False
RExMc1xXZWJDYW1fQ2FwdHVyZS5kbGw=|False
RG9jdW1lbnRzXE5hbm9zb2Z0d2FyZU9TRkwuaHRtbA==|False
SW1hZ2VzXENvbW1vblxBZGQucG5n|False
SW1hZ2VzXENvbW1vblxCbHVlIGF1cmEuanBn|False
SW1hZ2VzXENvbW1vblxDYW5jZWwucG5n|False
SW1hZ2VzXENvbW1vblxEcml2ZS5wbmc=|False
SW1hZ2VzXENvbW1vblxGb2xkZXIucG5n|False
SW1hZ2VzXENvbW1vblxSZW1vdmUucG5n|False
SW1hZ2VzXENvbW1vblxUZXN0IEJhY2tncm91bmQgSW1hZ2UuanBlZw==|False
SW1hZ2VzXEVjbGlwc2VcQmFjay5wbmc=|False
SW1hZ2VzXEVjbGlwc2VcQm9va21hcmtzLnBuZw==|False
SW1hZ2VzXEVjbGlwc2VcQnJvd3NlIFRvIExvY2F0aW9uLnBuZw==|False
SW1hZ2VzXEVjbGlwc2VcQ2FuY2VsQWx0LnBuZw==|False
SW1hZ2VzXEVjbGlwc2VcQ29tcHJlc3NlZCBGaWxlLnBuZw==|False
SW1hZ2VzXEVjbGlwc2VcRGlzayBJbWFnZSBGaWxlLnBuZw==|False
SW1hZ2VzXEVjbGlwc2VcRG9jdW1lbnQgRmlsZS5wbmc=|False
SW1hZ2VzXEVjbGlwc2VcRG93bmxvYWRzLnBuZw==|False
SW1hZ2VzXEVjbGlwc2VcRXhlY3V0YWJsZSBGaWxlLnBuZw==|False
SW1hZ2VzXEVjbGlwc2VcRm9yd2FyZC5wbmc=|False
SW1hZ2VzXEVjbGlwc2VcSGlzdG9yeS5wbmc=|False
SW1hZ2VzXEVjbGlwc2VcSG9tZS5wbmc=|False
SW1hZ2VzXEVjbGlwc2VcSW1hZ2UgRmlsZS5wbmc=|False
SW1hZ2VzXEVjbGlwc2VcTG9hZGluZyhCaWcpLmdpZg==|False
SW1hZ2VzXEVjbGlwc2VcTG9hZGluZ0NvbXBsZXRlKEJpZykucG5n|False
SW1hZ2VzXEVjbGlwc2VcbG9nby5pY28=|False
SW1hZ2VzXEVjbGlwc2VcTWVudSBCdXR0b24ucG5n|False
SW1hZ2VzXEVjbGlwc2VcTmF2aWdhdGUucG5n|False
SW1hZ2VzXEVjbGlwc2VcTmV3VGFiLnBuZw==|False
SW1hZ2VzXEVjbGlwc2VcUmVmcmVzaC5wbmc=|False
SW1hZ2VzXEVjbGlwc2VcUmVtb3ZlVGFiLnBuZw==|False
SW1hZ2VzXEVjbGlwc2VcU2V0dGluZ3MucG5n|False
SW1hZ2VzXEVjbGlwc2VcVW5rbm93biBGaWxlLnBuZw==|False
SW1hZ2VzXEluc3RhbGwgR2VuZXJhdG9yXEV4dHJhY3QucG5n|False
SW1hZ2VzXEluc3RhbGwgR2VuZXJhdG9yXFNhdmUucG5n|False
SW1hZ2VzXExlYWZPU1xBdXJvcmFTdGFydEljb24ucG5n|False
SW1hZ2VzXExlYWZPU1xCYXR0ZXJ5MDAucG5n|False
SW1hZ2VzXExlYWZPU1xCYXR0ZXJ5MDEucG5n|False
SW1hZ2VzXExlYWZPU1xCYXR0ZXJ5MDIucG5n|False
SW1hZ2VzXExlYWZPU1xCYXR0ZXJ5MDMucG5n|False
SW1hZ2VzXExlYWZPU1xCYXR0ZXJ5MDQucG5n|False
SW1hZ2VzXExlYWZPU1xCYXR0ZXJ5MDUucG5n|False
SW1hZ2VzXExlYWZPU1xCYXR0ZXJ5MDYucG5n|False
SW1hZ2VzXExlYWZPU1xCYXR0ZXJ5MDcucG5n|False
SW1hZ2VzXExlYWZPU1xCYXR0ZXJ5MDgucG5n|False
SW1hZ2VzXExlYWZPU1xCYXR0ZXJ5MDkucG5n|False
SW1hZ2VzXExlYWZPU1xCYXR0ZXJ5MTAucG5n|False
SW1hZ2VzXExlYWZPU1xCcm93c2UgVG8gTG9jYXRpb24ucG5n|False
SW1hZ2VzXExlYWZPU1xDRC5wbmc=|False
SW1hZ2VzXExlYWZPU1xDb21wcmVzc2VkIEZpbGUucG5n|False
SW1hZ2VzXExlYWZPU1xEaXNrIEltYWdlIEZpbGUucG5n|False
SW1hZ2VzXExlYWZPU1xEb2NrIHRvIGJvdHRvbS5wbmc=|False
SW1hZ2VzXExlYWZPU1xEb2NrIHRvIGxlZnQucG5n|False
SW1hZ2VzXExlYWZPU1xEb2NrIHRvIHJpZ2h0LnBuZw==|False
SW1hZ2VzXExlYWZPU1xEb2NrIHRvIHNjcmVlbi5wbmc=|False
SW1hZ2VzXExlYWZPU1xEb2NrIHRvIHRvcC5wbmc=|False
SW1hZ2VzXExlYWZPU1xEb2N1bWVudCBGaWxlLnBuZw==|False
SW1hZ2VzXExlYWZPU1xEcml2ZU5vUm9vdC5wbmc=|False
SW1hZ2VzXExlYWZPU1xEcml2ZVVua25vd24ucG5n|False
SW1hZ2VzXExlYWZPU1xFcnJvckljb24ucG5n|False
SW1hZ2VzXExlYWZPU1xFeGVjdXRhYmxlIEZpbGUucG5n|False
SW1hZ2VzXExlYWZPU1xFeGl0LnBuZw==|False
SW1hZ2VzXExlYWZPU1xGaWxlLnBuZw==|False
SW1hZ2VzXExlYWZPU1xGb2xkZXIucG5n|False
SW1hZ2VzXExlYWZPU1xHZW5lcmljQXBwLnBuZw==|False
SW1hZ2VzXExlYWZPU1xJY29uLnBuZw==|False
SW1hZ2VzXExlYWZPU1xJbWFnZSBGaWxlLnBuZw==|False
SW1hZ2VzXExlYWZPU1xJbmZvSWNvbi5wbmc=|False
SW1hZ2VzXExlYWZPU1xMb2FkaW5nIDAucG5n|False
SW1hZ2VzXExlYWZPU1xMb2FkaW5nIDEucG5n|False
SW1hZ2VzXExlYWZPU1xMb2FkaW5nIDIucG5n|False
SW1hZ2VzXExlYWZPU1xMb2FkaW5nIDMucG5n|False
SW1hZ2VzXExlYWZPU1xMb2NrLnBuZw==|False
SW1hZ2VzXExlYWZPU1xMb2cgT2ZmLnBuZw==|False
SW1hZ2VzXExlYWZPU1xNaW5pbWl6ZS5wbmc=|False
SW1hZ2VzXExlYWZPU1xNb3VzZS5wbmc=|False
SW1hZ2VzXExlYWZPU1xOZXREcml2ZS5wbmc=|False
SW1hZ2VzXExlYWZPU1xOb3RpZmljYXRpb25CdXR0b24ucG5n|False
SW1hZ2VzXExlYWZPU1xQb3dlci5wbmc=|False
SW1hZ2VzXExlYWZPU1xSYW1kaXNrLnBuZw==|False
SW1hZ2VzXExlYWZPU1xSZW1vdmFibGUucG5n|False
SW1hZ2VzXExlYWZPU1xSZXNldCBkb2NrLnBuZw==|False
SW1hZ2VzXExlYWZPU1xSZXN0YXJ0LnBuZw==|False
SW1hZ2VzXExlYWZPU1xTZXR0aW5ncy5wbmc=|False
SW1hZ2VzXExlYWZPU1xVbmtub3duIEZpbGUucG5n|False
SW1hZ2VzXExlYWZPU1xVbnJlYWROb3RpZmljYXRpb25CdXR0b24ucG5n|False
SW1hZ2VzXExlYWZPU1xXYXJuaW5nSWNvbi5wbmc=|False
SW1hZ2VzXE1pY3JvY2hhdFxBY2NvdW50IFNldHRpbmdzLnBuZw==|False
SW1hZ2VzXE1pY3JvY2hhdFxBZGQucG5n|False
SW1hZ2VzXE1pY3JvY2hhdFxDbGllbnQgU2V0dGluZ3MucG5n|False
SW1hZ2VzXE1pY3JvY2hhdFxDb252ZXJzYXRpb25zLnBuZw==|False
SW1hZ2VzXE1pY3JvY2hhdFxMb2dpbi5wbmc=|False
SW1hZ2VzXE1pY3JvY2hhdFxMb2dvdXQucG5n|False
SW1hZ2VzXE1pY3JvY2hhdFxNaWNyb2NoYXQuaWNv|False
SW1hZ2VzXE1pY3JvY2hhdFxSZW1vdmUucG5n|False
SW1hZ2VzXE1pY3JvY2hhdFxTZW5kIE1lc3NhZ2UucG5n|False
SW1hZ2VzXE1pY3JvY2hhdFxTZXJ2ZXIgU2V0dGluZ3MucG5n|False
SW1hZ2VzXE1pY3JvY2hhdFxTZXR0aW5ncy5wbmc=|False
SW1hZ2VzXE1pY3JvY2hhdFxUcmFuc3BhcmVudCBJbmRpY2F0b3IgVGlsZS5wbmc=|False
SW1hZ2VzXE1pY3Jvc2VydmVyXEFkZC5wbmc=|False
SW1hZ2VzXE1pY3Jvc2VydmVyXENhbmNlbC5wbmc=|False
SW1hZ2VzXE1pY3Jvc2VydmVyXEhlbHAucG5n|False
SW1hZ2VzXE1pY3Jvc2VydmVyXExvZ28uaWNv|False
SW1hZ2VzXE1pY3Jvc2VydmVyXFJlbW92ZS5wbmc=|False
SW1hZ2VzXE1pY3Jvc2VydmVyXFNlcnZlclN0YXJ0LnBuZw==|False
SW1hZ2VzXE1pY3Jvc2VydmVyXFNlcnZlclN0b3AucG5n|False
SW1hZ2VzXE1pY3Jvc2VydmVyXFNldHRpbmdzLnBuZw==|False
SW1hZ2VzXE1pY3JvdGV4dFxBbGlnbkNlbnRlci5wbmc=|False
SW1hZ2VzXE1pY3JvdGV4dFxBbGlnbkp1c3RpZnR5LnBuZw==|False
SW1hZ2VzXE1pY3JvdGV4dFxBbGlnbm1lbnQucG5n|False
SW1hZ2VzXE1pY3JvdGV4dFxBbGlnblJpZ2h0LnBuZw==|False
SW1hZ2VzXE1pY3JvdGV4dFxGaWxlTWVudS5wbmc=|False
SW1hZ2VzXE1pY3JvdGV4dFxGaWxlTmV3LnBuZw==|False
SW1hZ2VzXE1pY3JvdGV4dFxGaWxlT3Blbi5wbmc=|False
SW1hZ2VzXE1pY3JvdGV4dFxGaWxlU2F2ZS5wbmc=|False
SW1hZ2VzXE1pY3JvdGV4dFxGb250IE1lbnUucG5n|False
SW1hZ2VzXE1pY3JvdGV4dFxGb250IFNpemUucG5n|False
SW1hZ2VzXE1pY3JvdGV4dFxGb250LnBuZw==|False
SW1hZ2VzXE1pY3JvdGV4dFxGb250Qm9sZC5wbmc=|False
SW1hZ2VzXE1pY3JvdGV4dFxGb250QnV0dG9uLnBuZw==|False
SW1hZ2VzXE1pY3JvdGV4dFxGb250Q29sb3IucG5n|False
SW1hZ2VzXE1pY3JvdGV4dFxGb250SXRhbGljcy5wbmc=|False
SW1hZ2VzXE1pY3JvdGV4dFxGb250VW5kZXJsaW5lLnBuZw==|False
SW1hZ2VzXE1pY3JvdGV4dFxJY29uLnBuZw==|False
SW1hZ2VzXE1pY3JvdGV4dFxMYXlvdXRNZW51LnBuZw==|False
SW1hZ2VzXE1pY3JvdGV4dFxNaWNyb3RleHQuaWNv|False
SW1hZ2VzXE1pY3JvdGV4dFxTZXR0aW5ncy5wbmc=|False
SW1hZ2VzXE1pbmlJbnN0YWxsZXJcQnJvd3NlIEJ1dHRvbi5wbmc=|False
SW1hZ2VzXE1pbmlJbnN0YWxsZXJcSW5zdGFsbCBCdXR0b24ucG5n|False
SW1hZ2VzXE1pbmlJbnN0YWxsZXJcTWluaUluc3RhbGxlci5pY28=|False
SW1hZ2VzXE1pbmlJbnN0YWxsZXJcVW5pbnN0YWxsIEJ1dHRvbi5wbmc=|False
SW1hZ2VzXE1pbmlJbnN0YWxsZXJcVXBkYXRlQnV0dG9uLnBuZw==|False
T2xkIFNvdXJjZVxMZWFmQXBwLnppcA==|False
T2xkIFNvdXJjZVxMZWFmT1MgVjYuMC41LjAuemlw|False
U291bmRzXExlYWZPU1xCYXNpYyBXZWxjb21lLndhdg==|False
U291bmRzXExlYWZPU1xFcGljIFdlbGNvbWUud2F2|False
